spv.16bitstorage_Error.frag
ERROR: 0:54: 'float16 types can only be in uniform block or buffer storage' : required extension not requested: Possible extensions include:
GL_AMD_gpu_shader_half_float
GL_KHX_shader_explicit_arithmetic_types
GL_KHX_shader_explicit_arithmetic_types_float16
ERROR: 0:58: 'can't use with structs containing float16' : required extension not requested: Possible extensions include:
GL_AMD_gpu_shader_half_float
GL_KHX_shader_explicit_arithmetic_types
GL_KHX_shader_explicit_arithmetic_types_float16
ERROR: 0:61: 'float16 types can only be in uniform block or buffer storage' : required extension not requested: Possible extensions include:
GL_AMD_gpu_shader_half_float
GL_KHX_shader_explicit_arithmetic_types
GL_KHX_shader_explicit_arithmetic_types_float16
ERROR: 0:74: ''[' does not operate on types containing float16' : required extension not requested: Possible extensions include:
GL_AMD_gpu_shader_half_float
GL_KHX_shader_explicit_arithmetic_types
GL_KHX_shader_explicit_arithmetic_types_float16
ERROR: 0:75: 'can't swizzle types containing float16' : required extension not requested: Possible extensions include:
GL_AMD_gpu_shader_half_float
GL_KHX_shader_explicit_arithmetic_types
GL_KHX_shader_explicit_arithmetic_types_float16
ERROR: 0:76: 'float16 types can only be in uniform block or buffer storage' : required extension not requested: Possible extensions include:
GL_AMD_gpu_shader_half_float
GL_KHX_shader_explicit_arithmetic_types
GL_KHX_shader_explicit_arithmetic_types_float16
ERROR: 0:76: 'float16 types can only be in uniform block or buffer storage' : required extension not requested: Possible extensions include:
GL_AMD_gpu_shader_half_float
GL_KHX_shader_explicit_arithmetic_types
GL_KHX_shader_explicit_arithmetic_types_float16
ERROR: 0:76: 'float16 types can only be in uniform block or buffer storage' : required extension not requested: Possible extensions include:
GL_AMD_gpu_shader_half_float
GL_KHX_shader_explicit_arithmetic_types
GL_KHX_shader_explicit_arithmetic_types_float16
ERROR: 0:77: 'float16 types can only be in uniform block or buffer storage' : required extension not requested: Possible extensions include:
GL_AMD_gpu_shader_half_float
GL_KHX_shader_explicit_arithmetic_types
GL_KHX_shader_explicit_arithmetic_types_float16
ERROR: 0:77: 'float16 types can only be in uniform block or buffer storage' : required extension not requested: Possible extensions include:
GL_AMD_gpu_shader_half_float
GL_KHX_shader_explicit_arithmetic_types
GL_KHX_shader_explicit_arithmetic_types_float16
ERROR: 0:78: '+' :  wrong operand types: no operation '+' exists that takes a left-hand operand of type 'layout( column_major std140 offset=0) uniform float16_t' and a right operand of type 'layout( column_major std140 offset=0) uniform float16_t' (or there is no acceptable conversion)
ERROR: 0:79: '-' :  wrong operand type no operation '-' exists that takes an operand of type layout( column_major std140 offset=0) uniform float16_t (or there is no acceptable conversion)
ERROR: 0:80: '+' :  wrong operand types: no operation '+' exists that takes a left-hand operand of type 'layout( column_major std140 offset=0) uniform float16_t' and a right operand of type ' const float' (or there is no acceptable conversion)
ERROR: 0:81: 'can't swizzle types containing float16' : required extension not requested: Possible extensions include:
GL_AMD_gpu_shader_half_float
GL_KHX_shader_explicit_arithmetic_types
GL_KHX_shader_explicit_arithmetic_types_float16
ERROR: 0:82: 'can't use with structs containing float16' : required extension not requested: Possible extensions include:
GL_AMD_gpu_shader_half_float
GL_KHX_shader_explicit_arithmetic_types
GL_KHX_shader_explicit_arithmetic_types_float16
ERROR: 0:83: 'float16 types can only be in uniform block or buffer storage' : required extension not requested: Possible extensions include:
GL_AMD_gpu_shader_half_float
GL_KHX_shader_explicit_arithmetic_types
GL_KHX_shader_explicit_arithmetic_types_float16
ERROR: 0:84: 'float16 types can only be in uniform block or buffer storage' : required extension not requested: Possible extensions include:
GL_AMD_gpu_shader_half_float
GL_KHX_shader_explicit_arithmetic_types
GL_KHX_shader_explicit_arithmetic_types_float16
ERROR: 0:85: 'float16 types can only be in uniform block or buffer storage' : required extension not requested: Possible extensions include:
GL_AMD_gpu_shader_half_float
GL_KHX_shader_explicit_arithmetic_types
GL_KHX_shader_explicit_arithmetic_types_float16
ERROR: 0:86: '==' :  wrong operand types: no operation '==' exists that takes a left-hand operand of type 'layout( column_major std140 offset=0) uniform float16_t' and a right operand of type 'layout( column_major std140 offset=0) uniform float16_t' (or there is no acceptable conversion)
ERROR: 0:87: 'can't use with arrays containing float16' : required extension not requested: Possible extensions include:
GL_AMD_gpu_shader_half_float
GL_KHX_shader_explicit_arithmetic_types
GL_KHX_shader_explicit_arithmetic_types_float16
ERROR: 0:88: 'explicit types' : required extension not requested: Possible extensions include:
GL_AMD_gpu_shader_half_float
GL_KHX_shader_explicit_arithmetic_types
GL_KHX_shader_explicit_arithmetic_types_float16
ERROR: 0:88: 'explicit types' : required extension not requested: Possible extensions include:
GL_AMD_gpu_shader_half_float
GL_KHX_shader_explicit_arithmetic_types
GL_KHX_shader_explicit_arithmetic_types_float16
ERROR: 0:89: '16-bit vector constructors only take vector types' : required extension not requested: Possible extensions include:
GL_AMD_gpu_shader_half_float
GL_KHX_shader_explicit_arithmetic_types
GL_KHX_shader_explicit_arithmetic_types_float16
ERROR: 0:90: '16-bit array constructors not supported' : required extension not requested: Possible extensions include:
GL_AMD_gpu_shader_half_float
GL_KHX_shader_explicit_arithmetic_types
GL_KHX_shader_explicit_arithmetic_types_float16
ERROR: 0:90: '16-bit vector constructors only take vector types' : required extension not requested: Possible extensions include:
GL_AMD_gpu_shader_half_float
GL_KHX_shader_explicit_arithmetic_types
GL_KHX_shader_explicit_arithmetic_types_float16
ERROR: 0:93: 'Can't construct structure containing 16-bit type' : required extension not requested: Possible extensions include:
GL_AMD_gpu_shader_half_float
GL_KHX_shader_explicit_arithmetic_types
GL_KHX_shader_explicit_arithmetic_types_float16
ERROR: 0:94: 'func2' : no matching overloaded function found 
ERROR: 0:100: '' :  syntax error, unexpected IDENTIFIER
ERROR: 28 compilation errors.  No code generated.


SPIR-V is not generated for failed compile or link
